// Jest Snapshot v1, https://goo.gl/fbAQLP

exports[`Square Snapshot 1`] = `
<div
  className="square dark"
  data-testid="square-a1"
  onClick={[Function]}
  onContextMenu={[Function]}
  onMouseEnter={[Function]}
  onMouseLeave={[Function]}
  style={
    Object {
      "height": "60px",
      "width": "60px",
    }
  }
>
  <div
    className="piece bQ"
    data-testid="piece-bQ"
    style={Object {}}
  />
  <div
    className="rankNotation"
    data-testid="notation-rank-1"
    style={
      Object {
        "fontSize": "10px",
        "paddingRight": "50px",
      }
    }
  >
    1
  </div>
  <div
    className="fileNotation"
    data-testid="notation-file-a"
    style={
      Object {
        "fontSize": "10px",
        "paddingLeft": "50px",
      }
    }
  >
    a
  </div>
</div>
`;
